

================================================================
== Vivado HLS Report for 'sobel_borderInterpolate'
================================================================
* Date:           Sat Nov 14 10:52:23 2015

* Version:        2014.4 (Build 1071461 on Tue Nov 18 16:42:57 PM 2014)
* Project:        sobel.prj
* Solution:       solution1
* Product family: zynq
* Target device:  xc7z010clg400-1


================================================================
== Performance Estimates
================================================================
+ Timing (ns): 
    * Summary: 
    +---------+-------+----------+------------+
    |  Clock  | Target| Estimated| Uncertainty|
    +---------+-------+----------+------------+
    |default  |   8.00|      6.86|        1.00|
    +---------+-------+----------+------------+

+ Latency (clock cycles): 
    * Summary: 
    +-----+-----+-----+-----+----------+
    |  Latency  |  Interval | Pipeline |
    | min | max | min | max |   Type   |
    +-----+-----+-----+-----+----------+
    |    1|    1|    1|    1| function |
    +-----+-----+-----+-----+----------+

    + Detail: 
        * Instance: 
        N/A

        * Loop: 
        N/A



================================================================
== Utilization Estimates
================================================================
* Summary: 
+-----------------+---------+-------+-------+-------+
|       Name      | BRAM_18K| DSP48E|   FF  |  LUT  |
+-----------------+---------+-------+-------+-------+
|Expression       |        -|      -|      0|    153|
|FIFO             |        -|      -|      -|      -|
|Instance         |        -|      -|      -|      -|
|Memory           |        -|      -|      -|      -|
|Multiplexer      |        -|      -|      -|      -|
|Register         |        -|      -|     41|      -|
+-----------------+---------+-------+-------+-------+
|Total            |        0|      0|     41|    153|
+-----------------+---------+-------+-------+-------+
|Available        |      120|     80|  35200|  17600|
+-----------------+---------+-------+-------+-------+
|Utilization (%)  |        0|      0|   ~0  |   ~0  |
+-----------------+---------+-------+-------+-------+

+ Detail: 
    * Instance: 
    N/A

    * Memory: 
    N/A

    * FIFO: 
    N/A

    * Expression: 
    +-----------------------------+----------+-------+---+----+------------+------------+
    |        Variable Name        | Operation| DSP48E| FF| LUT| Bitwidth P0| Bitwidth P1|
    +-----------------------------+----------+-------+---+----+------------+------------+
    |tmp_5_fu_132_p2              |     +    |      0|  0|  14|          14|           3|
    |p_assign_1_fu_138_p2         |     -    |      0|  0|  14|          14|          14|
    |p_assign_fu_83_p2            |     -    |      0|  0|  13|           1|          13|
    |ap_return                    |  Select  |      0|  0|  14|           1|          14|
    |newSel9_fu_180_p3            |  Select  |      0|  0|  14|           1|          14|
    |newSel_fu_163_p3             |  Select  |      0|  0|  13|           1|          13|
    |p_p2_fu_89_p3                |  Select  |      0|  0|  13|           1|          13|
    |or_cond_58_fu_63_p2          |    and   |      0|  0|   1|           1|           1|
    |sel_tmp2_fu_144_p2           |    and   |      0|  0|   1|           1|           1|
    |sel_tmp7_fu_158_p2           |    and   |      0|  0|   1|           1|           1|
    |tmp_1_fu_69_p2               |   icmp   |      0|  0|  14|          12|           1|
    |tmp_3_fu_97_p2               |   icmp   |      0|  0|  16|          13|          13|
    |tmp_s_fu_57_p2               |   icmp   |      0|  0|  16|          13|          13|
    |or_cond_fu_174_p2            |    or    |      0|  0|   1|           1|           1|
    |sel_tmp1_fu_109_p2           |    or    |      0|  0|   1|           1|           1|
    |sel_tmp6_demorgan_fu_148_p2  |    or    |      0|  0|   1|           1|           1|
    |rev_fu_47_p2                 |    xor   |      0|  0|   2|           1|           2|
    |sel_tmp6_fu_152_p2           |    xor   |      0|  0|   2|           1|           2|
    |tmp_not_fu_103_p2            |    xor   |      0|  0|   2|           1|           2|
    +-----------------------------+----------+-------+---+----+------------+------------+
    |Total                        |          |      0|  0| 153|          80|         123|
    +-----------------------------+----------+-------+---+----+------------+------------+

    * Multiplexer: 
    N/A

    * Register: 
    +--------------------+----+----+-----+-----------+
    |        Name        | FF | LUT| Bits| Const Bits|
    +--------------------+----+----+-----+-----------+
    |len_read_reg_195    |  12|   0|   12|          0|
    |or_cond_58_reg_205  |   1|   0|    1|          0|
    |p_p2_reg_217        |  13|   0|   13|          0|
    |p_read_reg_200      |  12|   0|   12|          0|
    |sel_tmp1_reg_228    |   1|   0|    1|          0|
    |tmp_1_reg_211       |   1|   0|    1|          0|
    |tmp_3_reg_223       |   1|   0|    1|          0|
    +--------------------+----+----+-----+-----------+
    |Total               |  41|   0|   41|          0|
    +--------------------+----+----+-----+-----------+



================================================================
== Interface
================================================================
* Summary: 
+-----------+-----+-----+------------+-------------------------+--------------+
| RTL Ports | Dir | Bits|  Protocol  |      Source Object      |    C Type    |
+-----------+-----+-----+------------+-------------------------+--------------+
|ap_clk     |  in |    1| ap_ctrl_hs | sobel_borderInterpolate | return value |
|ap_rst     |  in |    1| ap_ctrl_hs | sobel_borderInterpolate | return value |
|ap_return  | out |   14| ap_ctrl_hs | sobel_borderInterpolate | return value |
|ap_ce      |  in |    1| ap_ctrl_hs | sobel_borderInterpolate | return value |
|p          |  in |   12|   ap_none  |            p            |    scalar    |
|len        |  in |   12|   ap_none  |           len           |    scalar    |
+-----------+-----+-----+------------+-------------------------+--------------+

